// Jest Snapshot v1, https://goo.gl/fbAQLP

exports[`renders correctly 1`] = `
<div
  className="progress"
>
  <div
    aria-valuemax={100}
    aria-valuemin={0}
    aria-valuenow={100}
    className="progress-bar active progress-bar-striped"
    role="progressbar"
    style={
      Object {
        "width": "100%",
      }
    }
  />
</div>
`;
